This is XeTeX, Version 3.141592653-2.6-0.999997 (MiKTeX 25.12) (preloaded format=xelatex 2026.7.31)  6 AUG 2026 12:18
entering extended mode
 restricted \write18 enabled.
 file:line:error style messages enabled.
 %&-line parsing enabled.
**"d:/PROJECT/CNPM/Doc/Doc SRS/main.tex"
(d:/PROJECT/CNPM/Doc/Doc SRS/main.tex
LaTeX2e <2025-11-01>
L3 programming layer <2025-12-24>
(C:\Program Files\MiKTeX\tex/latex/base\article.cls
Document Class: article 2025/01/22 v1.4n Standard LaTeX document class
(C:\Program Files\MiKTeX\tex/latex/base\size12.clo
File: size12.clo 2025/01/22 v1.4n Standard LaTeX file (size option)
)
\c@part=\count271
\c@section=\count272
\c@subsection=\count273
\c@subsubsection=\count274
\c@paragraph=\count275
\c@subparagraph=\count276
\c@figure=\count277
\c@table=\count278
\abovecaptionskip=\skip49
\belowcaptionskip=\skip50
\bibindent=\dimen148
)
(C:\Program Files\MiKTeX\tex/latex/fontspec\fontspec.sty
(C:\Program Files\MiKTeX\tex/latex/l3packages/xparse\xparse.sty
(C:\Program Files\MiKTeX\tex/latex/l3kernel\expl3.sty
Package: expl3 2025-12-24 L3 programming layer (loader) 

(C:\Program Files\MiKTeX\tex/latex/l3backend\l3backend-xetex.def
File: l3backend-xetex.def 2025-10-09 L3 backend support: XeTeX
\g__graphics_track_int=\count279
\g__pdfannot_backend_int=\count280
\g__pdfannot_backend_link_int=\count281
))
Package: xparse 2025-10-09 L3 Experimental document command parser
)
Package: fontspec 2025/09/29 v2.9g Font selection for XeLaTeX and LuaLaTeX

(C:\Program Files\MiKTeX\tex/latex/fontspec\fontspec-xetex.sty
Package: fontspec-xetex 2025/09/29 v2.9g Font selection for XeLaTeX and LuaLaTe
X
\l__fontspec_script_int=\count282
\l__fontspec_language_int=\count283
\l__fontspec_strnum_int=\count284
\l__fontspec_tmp_int=\count285
\l__fontspec_tmpa_int=\count286
\l__fontspec_tmpb_int=\count287
\l__fontspec_tmpc_int=\count288
\l__fontspec_em_int=\count289
\l__fontspec_emdef_int=\count290
\l__fontspec_strong_int=\count291
\l__fontspec_strongdef_int=\count292
\l__fontspec_tmpa_dim=\dimen149
\l__fontspec_tmpb_dim=\dimen150
\l__fontspec_tmpc_dim=\dimen151

(C:\Program Files\MiKTeX\tex/latex/base\fontenc.sty
Package: fontenc 2025/07/18 v2.1d Standard LaTeX package
)
(C:\Program Files\MiKTeX\tex/latex/fontspec\fontspec.cfg)))

Package fontspec Info: 
(fontspec)             Font family 'TimesNewRoman(0)' created for font 'Times
(fontspec)             New Roman' with options [Ligatures=TeX].
(fontspec)              
(fontspec)              This font family consists of the following NFSS
(fontspec)             series/shapes:
(fontspec)              
(fontspec)             - 'normal' (m/n) with NFSS spec.: <->"Times New
(fontspec)             Roman/OT:script=latn;language=dflt;mapping=tex-text;"
(fontspec)             - 'small caps'  (m/sc) with NFSS spec.: <->"Times New
(fontspec)             Roman/OT:script=latn;language=dflt;+smcp;mapping=tex-tex
t;"
(fontspec)             - 'bold' (b/n) with NFSS spec.: <->"Times New
(fontspec)             Roman/B/OT:script=latn;language=dflt;mapping=tex-text;"
(fontspec)             - 'bold small caps'  (b/sc) with NFSS spec.: <->"Times
(fontspec)             New
(fontspec)             Roman/B/OT:script=latn;language=dflt;+smcp;mapping=tex-t
ext;"
(fontspec)             - 'italic' (m/it) with NFSS spec.: <->"Times New
(fontspec)             Roman/I/OT:script=latn;language=dflt;mapping=tex-text;"
(fontspec)             - 'italic small caps'  (m/scit) with NFSS spec.:
(fontspec)             <->"Times New
(fontspec)             Roman/I/OT:script=latn;language=dflt;+smcp;mapping=tex-t
ext;"
(fontspec)             - 'bold italic' (b/it) with NFSS spec.: <->"Times New
(fontspec)             Roman/BI/OT:script=latn;language=dflt;mapping=tex-text;"

(fontspec)             - 'bold italic small caps'  (b/scit) with NFSS spec.:
(fontspec)             <->"Times New
(fontspec)             Roman/BI/OT:script=latn;language=dflt;+smcp;mapping=tex-
text;"


(C:\Users\admin\AppData\Roaming\MiKTeX\tex/latex/geometry\geometry.sty
Package: geometry 2026/03/07 v6.0 Page Geometry

(C:\Program Files\MiKTeX\tex/latex/graphics\keyval.sty
Package: keyval 2022/05/29 v1.15 key=value parser (DPC)
\KV@toks@=\toks17
)
(C:\Program Files\MiKTeX\tex/generic/iftex\ifvtex.sty
Package: ifvtex 2019/10/25 v1.7 ifvtex legacy package. Use iftex instead.

(C:\Program Files\MiKTeX\tex/generic/iftex\iftex.sty
Package: iftex 2024/12/12 v1.0g TeX engine tests
))
\Gm@cnth=\count293
\Gm@cntv=\count294
\c@Gm@tempcnt=\count295
\Gm@bindingoffset=\dimen152
\Gm@wd@mp=\dimen153
\Gm@odd@mp=\dimen154
\Gm@even@mp=\dimen155
\Gm@layoutwidth=\dimen156
\Gm@layoutheight=\dimen157
\Gm@layouthoffset=\dimen158
\Gm@layoutvoffset=\dimen159
\Gm@dimlist=\toks18

(C:\Users\admin\AppData\Roaming\MiKTeX\tex/latex/geometry\geometry.cfg))
(C:\Users\admin\AppData\Roaming\MiKTeX\tex/latex/setspace\setspace.sty
Package: setspace 2022/12/04 v6.7b set line spacing
)
(C:\Program Files\MiKTeX\tex/latex/graphics\graphicx.sty
Package: graphicx 2024/12/31 v1.2e Enhanced LaTeX Graphics (DPC,SPQR)

(C:\Program Files\MiKTeX\tex/latex/graphics\graphics.sty
Package: graphics 2024/08/06 v1.4g Standard LaTeX Graphics (DPC,SPQR)

(C:\Program Files\MiKTeX\tex/latex/graphics\trig.sty
Package: trig 2023/12/02 v1.11 sin cos tan (DPC)
)
(C:\Program Files\MiKTeX\tex/latex/graphics-cfg\graphics.cfg
File: graphics.cfg 2016/06/04 v1.11 sample graphics configuration
)
Package graphics Info: Driver file: xetex.def on input line 106.

(C:\Program Files\MiKTeX\tex/latex/graphics-def\xetex.def
File: xetex.def 2025/11/01 v5.0p Graphics/color driver for xetex
))
\Gin@req@height=\dimen160
\Gin@req@width=\dimen161
)
(C:\Users\admin\AppData\Roaming\MiKTeX\tex/latex/float\float.sty
Package: float 2001/11/08 v1.3d Float enhancements (AL)
\c@float@type=\count296
\float@exts=\toks19
\float@box=\box53
\@float@everytoks=\toks20
\@floatcapt=\box54
)
(C:\Program Files\MiKTeX\tex/latex/tools\longtable.sty
Package: longtable 2025-10-13 v4.24 Multi-page Table package (DPC)
\LTleft=\skip51
\LTright=\skip52
\LTpre=\skip53
\LTpost=\skip54
\LTchunksize=\count297
\LTcapwidth=\dimen162
\LT@head=\box55
\LT@firsthead=\box56
\LT@foot=\box57
\LT@lastfoot=\box58
\LT@gbox=\box59
\LT@cols=\count298
\LT@rows=\count299
\c@LT@tables=\count300
\c@LT@chunks=\count301
\LT@p@ftn=\toks21
)
(C:\Users\admin\AppData\Roaming\MiKTeX\tex/latex/booktabs\booktabs.sty
Package: booktabs 2020/01/12 v1.61803398 Publication quality tables
\heavyrulewidth=\dimen163
\lightrulewidth=\dimen164
\cmidrulewidth=\dimen165
\belowrulesep=\dimen166
\belowbottomsep=\dimen167
\aboverulesep=\dimen168
\abovetopsep=\dimen169
\cmidrulesep=\dimen170
\cmidrulekern=\dimen171
\defaultaddspace=\dimen172
\@cmidla=\count302
\@cmidlb=\count303
\@aboverulesep=\dimen173
\@belowrulesep=\dimen174
\@thisruleclass=\count304
\@lastruleclass=\count305
\@thisrulewidth=\dimen175
)
(C:\Program Files\MiKTeX\tex/latex/tools\array.sty
Package: array 2025/09/25 v2.6n Tabular extension package (FMi)
\col@sep=\dimen176
\ar@mcellbox=\box60
\extrarowheight=\dimen177
\NC@list=\toks22
\extratabsurround=\skip55
\backup@length=\skip56
\ar@cellbox=\box61
)
(C:\Users\admin\AppData\Roaming\MiKTeX\tex/latex/caption\caption.sty
Package: caption 2023/08/05 v3.6o Customizing captions (AR)

(C:\Users\admin\AppData\Roaming\MiKTeX\tex/latex/caption\caption3.sty
Package: caption3 2023/07/31 v2.4d caption3 kernel (AR)
\caption@tempdima=\dimen178
\captionmargin=\dimen179
\caption@leftmargin=\dimen180
\caption@rightmargin=\dimen181
\caption@width=\dimen182
\caption@indent=\dimen183
\caption@parindent=\dimen184
\caption@hangindent=\dimen185
Package caption Info: Standard document class detected.
)
\c@caption@flags=\count306
\c@continuedfloat=\count307
Package caption Info: float package is loaded.
Package caption Info: longtable package is loaded.

(C:\Users\admin\AppData\Roaming\MiKTeX\tex/latex/caption\ltcaption.sty
Package: ltcaption 2021/01/08 v1.4c longtable captions (AR)
))
(C:\Program Files\MiKTeX\tex/latex/xcolor\xcolor.sty
Package: xcolor 2024/09/29 v3.02 LaTeX color extensions (UK)

(C:\Program Files\MiKTeX\tex/latex/graphics-cfg\color.cfg
File: color.cfg 2016/01/02 v1.6 sample color configuration
)
Package xcolor Info: Driver file: xetex.def on input line 274.

(C:\Program Files\MiKTeX\tex/latex/graphics\mathcolor.ltx)
Package xcolor Info: Model `cmy' substituted by `cmy0' on input line 1349.
Package xcolor Info: Model `RGB' extended on input line 1365.
Package xcolor Info: Model `HTML' substituted by `rgb' on input line 1367.
Package xcolor Info: Model `Hsb' substituted by `hsb' on input line 1368.
Package xcolor Info: Model `tHsb' substituted by `hsb' on input line 1369.
Package xcolor Info: Model `HSB' substituted by `hsb' on input line 1370.
Package xcolor Info: Model `Gray' substituted by `gray' on input line 1371.
Package xcolor Info: Model `wave' substituted by `hsb' on input line 1372.
)
(C:\Program Files\MiKTeX\tex/latex/hyperref\hyperref.sty
Package: hyperref 2025-07-12 v7.01o Hypertext links for LaTeX

(C:\Users\admin\AppData\Roaming\MiKTeX\tex/latex/kvsetkeys\kvsetkeys.sty
Package: kvsetkeys 2022-10-05 v1.19 Key value parser (HO)
)
(C:\Users\admin\AppData\Roaming\MiKTeX\tex/generic/kvdefinekeys\kvdefinekeys.st
y
Package: kvdefinekeys 2019-12-19 v1.6 Define keys (HO)
) (C:\Users\admin\AppData\Roaming\MiKTeX\tex/generic/pdfescape\pdfescape.sty
Package: pdfescape 2019/12/09 v1.15 Implements pdfTeX's escape features (HO)

(C:\Users\admin\AppData\Roaming\MiKTeX\tex/generic/ltxcmds\ltxcmds.sty
Package: ltxcmds 2023-12-04 v1.26 LaTeX kernel commands for general use (HO)
)
(C:\Program Files\MiKTeX\tex/generic/pdftexcmds\pdftexcmds.sty
Package: pdftexcmds 2020-06-27 v0.33 Utility functions of pdfTeX for LuaTeX (HO
)

(C:\Users\admin\AppData\Roaming\MiKTeX\tex/generic/infwarerr\infwarerr.sty
Package: infwarerr 2019/12/03 v1.5 Providing info/warning/error messages (HO)
)
Package pdftexcmds Info: \pdf@primitive is available.
Package pdftexcmds Info: \pdf@ifprimitive is available.
Package pdftexcmds Info: \pdfdraftmode not found.
))
(C:\Users\admin\AppData\Roaming\MiKTeX\tex/latex/hycolor\hycolor.sty
Package: hycolor 2020-01-27 v1.10 Color options for hyperref/bookmark (HO)
)
(C:\Program Files\MiKTeX\tex/latex/hyperref\nameref.sty
Package: nameref 2025-06-21 v2.57 Cross-referencing by name of section

(C:\Users\admin\AppData\Roaming\MiKTeX\tex/latex/refcount\refcount.sty
Package: refcount 2019/12/15 v3.6 Data extraction from label references (HO)
)
(C:\Users\admin\AppData\Roaming\MiKTeX\tex/generic/gettitlestring\gettitlestrin
g.sty
Package: gettitlestring 2019/12/15 v1.6 Cleanup title references (HO)
 (C:\Users\admin\AppData\Roaming\MiKTeX\tex/latex/kvoptions\kvoptions.sty
Package: kvoptions 2022-06-15 v3.15 Key value format for package options (HO)
))
\c@section@level=\count308
) (C:\Program Files\MiKTeX\tex/latex/etoolbox\etoolbox.sty
Package: etoolbox 2025/10/02 v2.5m e-TeX tools for LaTeX (JAW)
\etb@tempcnta=\count309
)
(C:\Users\admin\AppData\Roaming\MiKTeX\tex/generic/stringenc\stringenc.sty
Package: stringenc 2019/11/29 v1.12 Convert strings between diff. encodings (HO
)
)
\@linkdim=\dimen186
\Hy@linkcounter=\count310
\Hy@pagecounter=\count311

(C:\Program Files\MiKTeX\tex/latex/hyperref\pd1enc.def
File: pd1enc.def 2025-07-12 v7.01o Hyperref: PDFDocEncoding definition (HO)
)
(C:\Users\admin\AppData\Roaming\MiKTeX\tex/generic/intcalc\intcalc.sty
Package: intcalc 2019/12/15 v1.3 Expandable calculations with integers (HO)
)
\Hy@SavedSpaceFactor=\count312

(C:\Program Files\MiKTeX\tex/latex/hyperref\puenc.def
File: puenc.def 2025-07-12 v7.01o Hyperref: PDF Unicode definition (HO)
)
Package hyperref Info: Hyper figures OFF on input line 4195.
Package hyperref Info: Link nesting OFF on input line 4200.
Package hyperref Info: Hyper index ON on input line 4203.
Package hyperref Info: Plain pages OFF on input line 4210.
Package hyperref Info: Backreferencing OFF on input line 4215.
Package hyperref Info: Implicit mode ON; LaTeX internals redefined.
Package hyperref Info: Bookmarks ON on input line 4462.
\c@Hy@tempcnt=\count313

(C:\Program Files\MiKTeX\tex/latex/url\url.sty
\Urlmuskip=\muskip17
Package: url 2013/09/16  ver 3.4  Verb mode for urls, etc.
)
LaTeX Info: Redefining \url on input line 4801.
\XeTeXLinkMargin=\dimen187

(C:\Users\admin\AppData\Roaming\MiKTeX\tex/generic/bitset\bitset.sty
Package: bitset 2019/12/09 v1.3 Handle bit-vector datatype (HO)

(C:\Users\admin\AppData\Roaming\MiKTeX\tex/generic/bigintcalc\bigintcalc.sty
Package: bigintcalc 2019/12/15 v1.5 Expandable calculations on big integers (HO
)
))
\Fld@menulength=\count314
\Field@Width=\dimen188
\Fld@charsize=\dimen189
Package hyperref Info: Hyper figures OFF on input line 6078.
Package hyperref Info: Link nesting OFF on input line 6083.
Package hyperref Info: Hyper index ON on input line 6086.
Package hyperref Info: backreferencing OFF on input line 6093.
Package hyperref Info: Link coloring OFF on input line 6098.
Package hyperref Info: Link coloring with OCG OFF on input line 6103.
Package hyperref Info: PDF/A mode OFF on input line 6108.
\Hy@abspage=\count315
\c@Item=\count316
\c@Hfootnote=\count317
)
Package hyperref Info: Driver (autodetected): hxetex.
(C:\Program Files\MiKTeX\tex/latex/hyperref\hxetex.def
File: hxetex.def 2025-07-12 v7.01o Hyperref driver for XeTeX
\pdfm@box=\box62
\c@Hy@AnnotLevel=\count318
\HyField@AnnotCount=\count319
\Fld@listcount=\count320
\c@bookmark@seq@number=\count321

(C:\Users\admin\AppData\Roaming\MiKTeX\tex/latex/rerunfilecheck\rerunfilecheck.
sty
Package: rerunfilecheck 2025-06-21 v1.11 Rerun checks for auxiliary files (HO)

(C:\Users\admin\AppData\Roaming\MiKTeX\tex/generic/uniquecounter\uniquecounter.
sty
Package: uniquecounter 2019/12/15 v1.4 Provide unlimited unique counter (HO)
)
Package uniquecounter Info: New unique counter `rerunfilecheck' on input line 2
84.
)
\Hy@SectionHShift=\skip57
) (C:\Users\admin\AppData\Roaming\MiKTeX\tex/latex/xurl\xurl.sty
Package: xurl 2022/01/09 v 0.10 modify URL breaks
)
(C:\Users\admin\AppData\Roaming\MiKTeX\tex/latex/enumitem\enumitem.sty
Package: enumitem 2025/02/06 v3.11 Customized lists
\labelindent=\skip58
\enit@outerparindent=\dimen190
\enit@toks=\toks23
\enit@inbox=\box63
\enit@count@id=\count322
\enitdp@description=\count323
)
(main.aux)
\openout1 = `main.aux'.

LaTeX Font Info:    Checking defaults for OML/cmm/m/it on input line 35.
LaTeX Font Info:    ... okay on input line 35.
LaTeX Font Info:    Checking defaults for OMS/cmsy/m/n on input line 35.
LaTeX Font Info:    ... okay on input line 35.
LaTeX Font Info:    Checking defaults for OT1/cmr/m/n on input line 35.
LaTeX Font Info:    ... okay on input line 35.
LaTeX Font Info:    Checking defaults for T1/cmr/m/n on input line 35.
LaTeX Font Info:    ... okay on input line 35.
LaTeX Font Info:    Checking defaults for TS1/cmr/m/n on input line 35.
LaTeX Font Info:    ... okay on input line 35.
LaTeX Font Info:    Checking defaults for TU/lmr/m/n on input line 35.
LaTeX Font Info:    ... okay on input line 35.
LaTeX Font Info:    Checking defaults for OMX/cmex/m/n on input line 35.
LaTeX Font Info:    ... okay on input line 35.
LaTeX Font Info:    Checking defaults for U/cmr/m/n on input line 35.
LaTeX Font Info:    ... okay on input line 35.
LaTeX Font Info:    Checking defaults for PD1/pdf/m/n on input line 35.
LaTeX Font Info:    ... okay on input line 35.
LaTeX Font Info:    Checking defaults for PU/pdf/m/n on input line 35.
LaTeX Font Info:    ... okay on input line 35.

Package fontspec Info: 
(fontspec)             Adjusting the maths setup (use [no-math] to avoid
(fontspec)             this).

\symlegacymaths=\mathgroup4
LaTeX Font Info:    Overwriting symbol font `legacymaths' in version `bold'
(Font)                  OT1/cmr/m/n --> OT1/cmr/bx/n on input line 35.
LaTeX Font Info:    Redeclaring math accent \acute on input line 35.
LaTeX Font Info:    Redeclaring math accent \grave on input line 35.
LaTeX Font Info:    Redeclaring math accent \ddot on input line 35.
LaTeX Font Info:    Redeclaring math accent \tilde on input line 35.
LaTeX Font Info:    Redeclaring math accent \bar on input line 35.
LaTeX Font Info:    Redeclaring math accent \breve on input line 35.
LaTeX Font Info:    Redeclaring math accent \check on input line 35.
LaTeX Font Info:    Redeclaring math accent \hat on input line 35.
LaTeX Font Info:    Redeclaring math accent \dot on input line 35.
LaTeX Font Info:    Redeclaring math accent \mathring on input line 35.
LaTeX Font Info:    Redeclaring math symbol \colon on input line 35.
LaTeX Font Info:    Redeclaring math symbol \Gamma on input line 35.
LaTeX Font Info:    Redeclaring math symbol \Delta on input line 35.
LaTeX Font Info:    Redeclaring math symbol \Theta on input line 35.
LaTeX Font Info:    Redeclaring math symbol \Lambda on input line 35.
LaTeX Font Info:    Redeclaring math symbol \Xi on input line 35.
LaTeX Font Info:    Redeclaring math symbol \Pi on input line 35.
LaTeX Font Info:    Redeclaring math symbol \Sigma on input line 35.
LaTeX Font Info:    Redeclaring math symbol \Upsilon on input line 35.
LaTeX Font Info:    Redeclaring math symbol \Phi on input line 35.
LaTeX Font Info:    Redeclaring math symbol \Psi on input line 35.
LaTeX Font Info:    Redeclaring math symbol \Omega on input line 35.
LaTeX Font Info:    Redeclaring math symbol \mathdollar on input line 35.
LaTeX Font Info:    Redeclaring symbol font `operators' on input line 35.
LaTeX Font Info:    Encoding `OT1' has changed to `TU' for symbol font
(Font)              `operators' in the math version `normal' on input line 35.
LaTeX Font Info:    Overwriting symbol font `operators' in version `normal'
(Font)                  OT1/cmr/m/n --> TU/TimesNewRoman(0)/m/n on input line 3
5.
LaTeX Font Info:    Encoding `OT1' has changed to `TU' for symbol font
(Font)              `operators' in the math version `bold' on input line 35.
LaTeX Font Info:    Overwriting symbol font `operators' in version `bold'
(Font)                  OT1/cmr/bx/n --> TU/TimesNewRoman(0)/m/n on input line 
35.
LaTeX Font Info:    Overwriting symbol font `operators' in version `normal'
(Font)                  TU/TimesNewRoman(0)/m/n --> TU/TimesNewRoman(0)/m/n on 
input line 35.
LaTeX Font Info:    Overwriting math alphabet `\mathit' in version `normal'
(Font)                  OT1/cmr/m/it --> TU/TimesNewRoman(0)/m/it on input line
 35.
LaTeX Font Info:    Overwriting math alphabet `\mathbf' in version `normal'
(Font)                  OT1/cmr/bx/n --> TU/TimesNewRoman(0)/b/n on input line 
35.
LaTeX Font Info:    Overwriting math alphabet `\mathsf' in version `normal'
(Font)                  OT1/cmss/m/n --> TU/lmss/m/n on input line 35.
LaTeX Font Info:    Overwriting math alphabet `\mathtt' in version `normal'
(Font)                  OT1/cmtt/m/n --> TU/lmtt/m/n on input line 35.
LaTeX Font Info:    Overwriting symbol font `operators' in version `bold'
(Font)                  TU/TimesNewRoman(0)/m/n --> TU/TimesNewRoman(0)/b/n on 
input line 35.
LaTeX Font Info:    Overwriting math alphabet `\mathit' in version `bold'
(Font)                  OT1/cmr/bx/it --> TU/TimesNewRoman(0)/b/it on input lin
e 35.
LaTeX Font Info:    Overwriting math alphabet `\mathsf' in version `bold'
(Font)                  OT1/cmss/bx/n --> TU/lmss/b/n on input line 35.
LaTeX Font Info:    Overwriting math alphabet `\mathtt' in version `bold'
(Font)                  OT1/cmtt/m/n --> TU/lmtt/b/n on input line 35.

*geometry* driver: auto-detecting
*geometry* detected driver: xetex
*geometry* verbose mode - [ preamble ] result:
* driver: xetex
* paper: a4paper
* layout: <same size as paper>
* layoutoffset:(h,v)=(0.0pt,0.0pt)
* modes: 
* h-part:(L,W,R)=(72.26999pt, 452.9679pt, 72.26999pt)
* v-part:(T,H,B)=(72.26999pt, 700.50687pt, 72.26999pt)
* \paperwidth=597.50787pt
* \paperheight=845.04684pt
* \textwidth=452.9679pt
* \textheight=700.50687pt
* \oddsidemargin=0.0pt
* \evensidemargin=0.0pt
* \topmargin=-37.0pt
* \headheight=12.0pt
* \headsep=25.0pt
* \topskip=12.0pt
* \footskip=30.0pt
* \marginparwidth=35.0pt
* \marginparsep=10.0pt
* \columnsep=10.0pt
* \skip\footins=10.8pt plus 4.0pt minus 2.0pt
* \hoffset=0.0pt
* \voffset=0.0pt
* \mag=1000
* \@twocolumnfalse
* \@twosidefalse
* \@mparswitchfalse
* \@reversemarginfalse
* (1in=72.27pt=25.4mm, 1cm=28.453pt)

Package caption Info: Begin \AtBeginDocument code.
Package caption Info: hyperref package is loaded.
Package caption Info: End \AtBeginDocument code.
Package hyperref Info: Link coloring OFF on input line 35.
(main.out) (main.out)
\@outlinefile=\write3
\openout3 = `main.out'.

LaTeX Font Info:    External font `cmex10' loaded for size
(Font)              <12> on input line 48.
LaTeX Font Info:    External font `cmex10' loaded for size
(Font)              <8> on input line 48.
LaTeX Font Info:    External font `cmex10' loaded for size
(Font)              <6> on input line 48.
 [1

] (sections/front/acknowledgement.tex) [1]
(sections/front/definitions.tex) [2] (main.lot)
\tf@lot=\write4
\openout4 = `main.lot'.

 [3] (main.toc [4])
\tf@toc=\write5
\openout5 = `main.toc'.

 [5]
(sections/chapter1/1_1_project_information.tex)
(sections/chapter1/1_2_current_situation.tex)
(sections/chapter1/1_3_project_introduction.tex)
(sections/chapter1/1_4_project_objectives.tex [6])
(sections/chapter1/1_5_project_scope.tex)
(sections/chapter2/2_1_development_methodology.tex [7])
(sections/chapter2/2_2_project_planning.tex
Underfull \hbox (badness 10000) in paragraph at lines 13--14
[]\TU/TimesNewRoman(0)/m/n/12 Actor identification, Use
 []


Underfull \hbox (badness 10000) in paragraph at lines 14--15
[]\TU/TimesNewRoman(0)/m/n/12 Business Process Analysis
 []

) (sections/chapter2/2_3_configuration_management.tex [8])
(sections/chapter3/3_1_functional_requirements.tex
Underfull \hbox (badness 2856) in paragraph at lines 18--18
\TU/TimesNewRoman(0)/b/n/12 & Delivery Manage-
 []


Underfull \hbox (badness 1609) in paragraph at lines 27--27
[]|\TU/TimesNewRoman(0)/b/n/12 Module 3. Delivery
 []


Underfull \hbox (badness 10000) in paragraph at lines 27--27
\TU/TimesNewRoman(0)/b/n/12 Workflow Manage-
 []


Underfull \hbox (badness 1596) in paragraph at lines 39--39
[]|\TU/TimesNewRoman(0)/b/n/12 Module 4. Landing
 []


Underfull \hbox (badness 2469) in paragraph at lines 59--60
[]\TU/TimesNewRoman(0)/m/n/12 Perform AI-powered analytics and delivery
 []

[9]
sections/chapter3/3_1_functional_requirements.tex:62: ignored error: Infinite g
lue shrinkage found in box being split [10]
sections/chapter3/3_1_functional_requirements.tex:62: ignored error: Infinite g
lue shrinkage found in box being split [11])
(sections/chapter3/3_2_non_functional_requirements.tex [12])
(sections/chapter3/3_3_user_requirement.tex) (sections/chapter3/3_3_1_actor.tex

Underfull \hbox (badness 1789) in paragraph at lines 11--12
[]|\TU/TimesNewRoman(0)/m/n/12 Manages user accounts, configures Role-Based Acc
ess
 []


Underfull \hbox (badness 10000) in paragraph at lines 12--12
[]|\TU/TimesNewRoman(0)/b/n/12 System Adminis-
 []

) (sections/chapter3/3_3_2_usecase_diagram.tex
File: images/usecase_diagram.png Graphic file (type bmp)
<images/usecase_diagram.png>
)
(sections/chapter3/3_3_3_usecase_descriptions.tex [13]
Underfull \hbox (badness 10000) in paragraph at lines 9--9
[]|\TU/TimesNewRoman(0)/m/n/12 Authenticated
 []


Underfull \hbox (badness 10000) in paragraph at lines 10--10
[]|\TU/TimesNewRoman(0)/m/n/12 Authenticated
 []


Underfull \hbox (badness 6110) in paragraph at lines 11--12
[]|\TU/TimesNewRoman(0)/m/n/12 Request a password reset through
 []


Underfull \hbox (badness 10000) in paragraph at lines 12--12
[]|\TU/TimesNewRoman(0)/m/n/12 Authenticated
 []


Underfull \hbox (badness 10000) in paragraph at lines 13--13
[]|\TU/TimesNewRoman(0)/m/n/12 Authenticated
 []


Underfull \hbox (badness 1888) in paragraph at lines 13--14
[]|\TU/TimesNewRoman(0)/m/n/12 Update personal profile information
 []


Underfull \hbox (badness 10000) in paragraph at lines 14--14
[]|\TU/TimesNewRoman(0)/m/n/12 Authenticated
 []


Underfull \hbox (badness 10000) in paragraph at lines 15--15
[]|\TU/TimesNewRoman(0)/m/n/12 Authenticated
 []


Underfull \hbox (badness 1596) in paragraph at lines 15--16
[]|\TU/TimesNewRoman(0)/m/n/12 Receive notifications about delivery
 []


Underfull \hbox (badness 10000) in paragraph at lines 17--17
[]|\TU/TimesNewRoman(0)/m/n/12 View Delivery
 []


Underfull \hbox (badness 5548) in paragraph at lines 19--19
[]|\TU/TimesNewRoman(0)/m/n/12 Update Delivery
 []


Underfull \hbox (badness 10000) in paragraph at lines 20--20
[]|\TU/TimesNewRoman(0)/m/n/12 Delete Delivery
 []


Underfull \hbox (badness 10000) in paragraph at lines 21--21
[]|\TU/TimesNewRoman(0)/m/n/12 Create Delivery
 []


Underfull \hbox (badness 7722) in paragraph at lines 22--22
[]|\TU/TimesNewRoman(0)/m/n/12 Calculate Deliv-
 []


Underfull \hbox (badness 1019) in paragraph at lines 22--23
[]|\TU/TimesNewRoman(0)/m/n/12 Calculate the estimated delivery fee
 []


Underfull \hbox (badness 2591) in paragraph at lines 29--30
[]|\TU/TimesNewRoman(0)/m/n/12 Track the real-time delivery status,
 []


Underfull \hbox (badness 4378) in paragraph at lines 30--30
[]|\TU/TimesNewRoman(0)/m/n/12 Delivery Confir-
 []


Underfull \hbox (badness 10000) in paragraph at lines 33--33
[]|\TU/TimesNewRoman(0)/m/n/12 Manage Cus-
 []


Underfull \hbox (badness 3449) in paragraph at lines 36--37
[]|\TU/TimesNewRoman(0)/m/n/12 Update customer information when
 []


Underfull \hbox (badness 1521) in paragraph at lines 37--37
[]|\TU/TimesNewRoman(0)/m/n/12 Review Delivery
 []


Underfull \hbox (badness 10000) in paragraph at lines 38--39
[]|\TU/TimesNewRoman(0)/m/n/12 Approve a delivery request for
 []


Underfull \hbox (badness 10000) in paragraph at lines 40--40
[]|\TU/TimesNewRoman(0)/m/n/12 Delivery
 []


Underfull \hbox (badness 10000) in paragraph at lines 42--42
[]|\TU/TimesNewRoman(0)/m/n/12 Assign Landing
 []


Underfull \hbox (badness 7221) in paragraph at lines 44--45
[]|\TU/TimesNewRoman(0)/m/n/12 Monitor and manage the delivery
 []


Underfull \hbox (badness 10000) in paragraph at lines 45--45
[]|\TU/TimesNewRoman(0)/m/n/12 Update Order
 []


Underfull \hbox (badness 10000) in paragraph at lines 46--46
[]|\TU/TimesNewRoman(0)/m/n/12 Handle Failed
 []


Underfull \hbox (badness 10000) in paragraph at lines 47--47
[]|\TU/TimesNewRoman(0)/m/n/12 Reschedule
 []


Underfull \hbox (badness 1383) in paragraph at lines 47--48
[]|\TU/TimesNewRoman(0)/m/n/12 Create a new delivery schedule for
 []


Underfull \hbox (badness 10000) in paragraph at lines 48--49
[]|\TU/TimesNewRoman(0)/m/n/12 View AI-generated delivery sum-
 []


Underfull \hbox (badness 5970) in paragraph at lines 49--49
[]|\TU/TimesNewRoman(0)/m/n/12 View ETA Pre-
 []


Underfull \hbox (badness 8151) in paragraph at lines 50--50
[]|\TU/TimesNewRoman(0)/m/n/12 Station Opera-
 []


Underfull \hbox (badness 10000) in paragraph at lines 51--51
[]|\TU/TimesNewRoman(0)/m/n/12 Package Inspec-
 []


Underfull \hbox (badness 8151) in paragraph at lines 51--51
[]|\TU/TimesNewRoman(0)/m/n/12 Station Opera-
 []


Underfull \hbox (badness 3078) in paragraph at lines 51--52
\TU/TimesNewRoman(0)/m/n/12 condition, and labeling before dis-
 []


Underfull \hbox (badness 1521) in paragraph at lines 52--52
[]|\TU/TimesNewRoman(0)/m/n/12 Manage Landing
 []


Underfull \hbox (badness 8151) in paragraph at lines 52--52
[]|\TU/TimesNewRoman(0)/m/n/12 Station Opera-
 []


Underfull \hbox (badness 10000) in paragraph at lines 53--53
[]|\TU/TimesNewRoman(0)/m/n/12 View Landing
 []


Underfull \hbox (badness 8151) in paragraph at lines 53--53
[]|\TU/TimesNewRoman(0)/m/n/12 Station Opera-
 []


Underfull \hbox (badness 10000) in paragraph at lines 54--54
[]|\TU/TimesNewRoman(0)/m/n/12 Update Station
 []


Underfull \hbox (badness 8151) in paragraph at lines 54--54
[]|\TU/TimesNewRoman(0)/m/n/12 Station Opera-
 []


Underfull \hbox (badness 10000) in paragraph at lines 54--55
[]|\TU/TimesNewRoman(0)/m/n/12 Update the landing station status
 []


Underfull \hbox (badness 10000) in paragraph at lines 55--55
[]|\TU/TimesNewRoman(0)/m/n/12 Update Station
 []


Underfull \hbox (badness 8151) in paragraph at lines 55--55
[]|\TU/TimesNewRoman(0)/m/n/12 Station Opera-
 []


Underfull \hbox (badness 10000) in paragraph at lines 56--56
[]|\TU/TimesNewRoman(0)/m/n/12 Update Package
 []


Underfull \hbox (badness 8151) in paragraph at lines 56--56
[]|\TU/TimesNewRoman(0)/m/n/12 Station Opera-
 []


Underfull \hbox (badness 10000) in paragraph at lines 57--57
[]|\TU/TimesNewRoman(0)/m/n/12 Confirm Drone
 []


Underfull \hbox (badness 8151) in paragraph at lines 57--57
[]|\TU/TimesNewRoman(0)/m/n/12 Station Opera-
 []


Underfull \hbox (badness 1661) in paragraph at lines 58--58
[]|\TU/TimesNewRoman(0)/m/n/12 Logistics Man-
 []


Underfull \hbox (badness 3000) in paragraph at lines 58--59
[]|\TU/TimesNewRoman(0)/m/n/12 Monitor overall delivery operations
 []


Underfull \hbox (badness 1661) in paragraph at lines 59--59
[]|\TU/TimesNewRoman(0)/m/n/12 Logistics Man-
 []


Underfull \hbox (badness 1661) in paragraph at lines 60--60
[]|\TU/TimesNewRoman(0)/m/n/12 Logistics Man-
 []


Underfull \hbox (badness 1596) in paragraph at lines 60--61
[]|\TU/TimesNewRoman(0)/m/n/12 Monitor key performance indicators
 []


Underfull \hbox (badness 1521) in paragraph at lines 61--61
[]|\TU/TimesNewRoman(0)/m/n/12 Delivery Analyt-
 []


Underfull \hbox (badness 1661) in paragraph at lines 61--61
[]|\TU/TimesNewRoman(0)/m/n/12 Logistics Man-
 []


Underfull \hbox (badness 1521) in paragraph at lines 62--62
[]|\TU/TimesNewRoman(0)/m/n/12 Revenue Analyt-
 []


Underfull \hbox (badness 1661) in paragraph at lines 62--62
[]|\TU/TimesNewRoman(0)/m/n/12 Logistics Man-
 []


Underfull \hbox (badness 10000) in paragraph at lines 63--63
[]|\TU/TimesNewRoman(0)/m/n/12 Delivery Statis-
 []


Underfull \hbox (badness 1661) in paragraph at lines 63--63
[]|\TU/TimesNewRoman(0)/m/n/12 Logistics Man-
 []


Underfull \hbox (badness 1661) in paragraph at lines 64--64
[]|\TU/TimesNewRoman(0)/m/n/12 Logistics Man-
 []


Underfull \hbox (badness 10000) in paragraph at lines 65--65
[]|\TU/TimesNewRoman(0)/m/n/12 Demand Predic-
 []


Underfull \hbox (badness 1661) in paragraph at lines 65--65
[]|\TU/TimesNewRoman(0)/m/n/12 Logistics Man-
 []


Underfull \hbox (badness 10000) in paragraph at lines 66--66
[]|\TU/TimesNewRoman(0)/m/n/12 Delivery Trend
 []


Underfull \hbox (badness 1661) in paragraph at lines 66--66
[]|\TU/TimesNewRoman(0)/m/n/12 Logistics Man-
 []


Underfull \hbox (badness 10000) in paragraph at lines 67--67
[]|\TU/TimesNewRoman(0)/m/n/12 Landing Station
 []


Underfull \hbox (badness 1661) in paragraph at lines 67--67
[]|\TU/TimesNewRoman(0)/m/n/12 Logistics Man-
 []


Underfull \hbox (badness 1661) in paragraph at lines 68--68
[]|\TU/TimesNewRoman(0)/m/n/12 Logistics Man-
 []


Underfull \hbox (badness 10000) in paragraph at lines 69--69
[]|\TU/TimesNewRoman(0)/m/n/12 Report Manage-
 []


Underfull \hbox (badness 1661) in paragraph at lines 69--69
[]|\TU/TimesNewRoman(0)/m/n/12 Logistics Man-
 []


Underfull \hbox (badness 1661) in paragraph at lines 70--70
[]|\TU/TimesNewRoman(0)/m/n/12 Logistics Man-
 []


Underfull \hbox (badness 1661) in paragraph at lines 71--71
[]|\TU/TimesNewRoman(0)/m/n/12 Logistics Man-
 []


Underfull \hbox (badness 10000) in paragraph at lines 72--72
[]|\TU/TimesNewRoman(0)/m/n/12 User Manage-
 []


Underfull \hbox (badness 10000) in paragraph at lines 77--77
[]|\TU/TimesNewRoman(0)/m/n/12 Role Manage-
 []


Underfull \hbox (badness 10000) in paragraph at lines 84--84
[]|\TU/TimesNewRoman(0)/m/n/12 Assign Permis-
 []


Underfull \hbox (badness 10000) in paragraph at lines 85--85
[]|\TU/TimesNewRoman(0)/m/n/12 Update Permis-
 []


Underfull \hbox (badness 1484) in paragraph at lines 86--86
[]|\TU/TimesNewRoman(0)/m/n/12 System Configu-
 []


Underfull \hbox (badness 10000) in paragraph at lines 89--89
[]|\TU/TimesNewRoman(0)/m/n/12 Backup & Re-
 []


Underfull \hbox (badness 10000) in paragraph at lines 89--90
[]|\TU/TimesNewRoman(0)/m/n/12 Manage system backup and data
 []

sections/chapter3/3_3_3_usecase_descriptions.tex:93: ignored error: Infinite gl
ue shrinkage found in box being split [14]
sections/chapter3/3_3_3_usecase_descriptions.tex:93: ignored error: Infinite gl
ue shrinkage found in box being split [15]
sections/chapter3/3_3_3_usecase_descriptions.tex:93: ignored error: Infinite gl
ue shrinkage found in box being split [16]
sections/chapter3/3_3_3_usecase_descriptions.tex:93: ignored error: Infinite gl
ue shrinkage found in box being split [17]
sections/chapter3/3_3_3_usecase_descriptions.tex:93: ignored error: Infinite gl
ue shrinkage found in box being split [18])
(sections/chapter4/4_1_business_process.tex)
(sections/chapter4/4_1_1_business_process_description.tex [19])
(sections/chapter4/4_1_2_bpmn_diagram.tex
File: images/bpmn_diagram.png Graphic file (type bmp)
<images/bpmn_diagram.png>
)
(sections/chapter4/4_2_activity_diagram.tex)
(sections/chapter4/4_3_sequence_diagram.tex)
(sections/chapter4/4_4_software_architecture.tex)
(sections/chapter4/4_4_1_architecture_overview.tex)
(sections/chapter4/4_4_2_architecture_diagram.tex [20]
File: images/architecture_diagram.png Graphic file (type bmp)
<images/architecture_diagram.png>
)
(sections/chapter4/4_4_3_module_design.tex)
(sections/chapter4/4_4_4_project_structure.tex)
(sections/chapter4/4_5_ui_ux_design.tex) (sections/chapter4/4_5_1_user_flow.tex
) (sections/chapter4/4_5_2_navigation_structure.tex)
(sections/chapter4/4_5_3_wireframe.tex) (sections/chapter4/4_5_4_prototype.tex)
(sections/chapter4/4_5_5_ui_style_guide.tex)
(sections/chapter4/4_6_rest_api_design.tex) [21] [22] (sections/references.tex)
[23] (main.aux)
 ***********
LaTeX2e <2025-11-01>
L3 programming layer <2025-12-24>
 ***********
Package rerunfilecheck Info: File `main.out' has not changed.
(rerunfilecheck)             Checksum: 49BE29812F103FD4D94CD9B1BE154C0A;5705.
 ) 
Here is how much of TeX's memory you used:
 13796 strings out of 402987
 275003 string characters out of 5452871
 797702 words of memory out of 5000000
 42255 multiletter control sequences out of 15000+600000
 631009 words of font info for 74 fonts, out of 8000000 for 9000
 1348 hyphenation exceptions out of 8191
 73i,8n,93p,814b,482s stack positions out of 10000i,1000n,20000p,200000b,200000s

Output written on main.pdf (24 pages).
