\BOOKMARK [0][]{chapter.1}{\376\377\000G\000I\036\332\000I\000\040\000T\000H\000I\036\306\000U\000\040\000T\036\324\000N\000G\000\040\000Q\000U\000A\000N}{}% 1
\BOOKMARK [1][]{section.1.1}{\376\377\000T\000h\000\364\000n\000g\000\040\000t\000i\000n\000\040\000d\036\361\000\040\000\341\000n}{chapter.1}% 2
\BOOKMARK [1][]{section.1.2}{\376\377\000B\036\321\000i\000\040\000c\036\243\000n\000h\000\040\000t\000h\036\361\000c\000\040\000t\000r\036\241\000n\000g}{chapter.1}% 3
\BOOKMARK [1][]{section.1.3}{\376\377\000G\000i\036\333\000i\000\040\000t\000h\000i\036\307\000u\000\040\000d\036\361\000\040\000\341\000n}{chapter.1}% 4
\BOOKMARK [1][]{section.1.4}{\376\377\000M\036\345\000c\000\040\000t\000i\000\352\000u\000\040\000d\036\361\000\040\000\341\000n}{chapter.1}% 5
\BOOKMARK [1][]{section.1.5}{\376\377\000P\000h\036\241\000m\000\040\000v\000i\000\040\000d\036\361\000\040\000\341\000n}{chapter.1}% 6
\BOOKMARK [2][]{subsection.1.5.1}{\376\377\000T\000r\000o\000n\000g\000\040\000p\000h\036\241\000m\000\040\000v\000i\000:}{section.1.5}% 7
\BOOKMARK [2][]{subsection.1.5.2}{\376\377\000N\000g\000o\000\340\000i\000\040\000p\000h\036\241\000m\000\040\000v\000i\000:}{section.1.5}% 8
\BOOKMARK [2][]{subsection.1.5.3}{\376\377\000D\036\357\000\040\000l\000i\036\307\000u\000\040\000v\000\340\000\040\000t\000h\036\355\000\040\000n\000g\000h\000i\036\307\000m\000:}{section.1.5}% 9
\BOOKMARK [0][]{chapter.2}{\376\377\000K\036\276\000\040\000H\000O\036\240\000C\000H\000\040\000Q\000U\036\242\000N\000\040\000L\000\335\000\040\000D\036\360\000\040\000\301\000N}{}% 10
\BOOKMARK [1][]{section.2.1}{\376\377\000P\000h\001\260\001\241\000n\000g\000\040\000p\000h\000\341\000p\000\040\000p\000h\000\341\000t\000\040\000t\000r\000i\036\303\000n}{chapter.2}% 11
\BOOKMARK [2][]{subsection.2.1.1}{\376\377\000P\000h\001\260\001\241\000n\000g\000\040\000p\000h\000\341\000p\000\040\000q\000u\036\243\000n\000\040\000l\000\375\000\040\000d\036\361\000\040\000\341\000n}{section.2.1}% 12
\BOOKMARK [2][]{subsection.2.1.2}{\376\377\000Q\000u\000y\000\040\000t\000r\000\354\000n\000h\000\040\000l\000\340\000m\000\040\000v\000i\036\307\000c\000\040\000t\000r\000\352\000n\000\040\000J\000i\000r\000a\000\040\000\050\000J\000i\000r\000a\000\040\000W\000o\000r\000k\000f\000l\000o\000w\000\051}{section.2.1}% 13
\BOOKMARK [2][]{subsection.2.1.3}{\376\377\000Q\000u\036\243\000n\000\040\000l\000\375\000\040\000c\000h\036\245\000t\000\040\000l\001\260\036\343\000n\000g}{section.2.1}% 14
\BOOKMARK [1][]{section.2.2}{\376\377\000L\036\255\000p\000\040\000k\036\277\000\040\000h\000o\036\241\000c\000h\000\040\000d\036\361\000\040\000\341\000n}{chapter.2}% 15
\BOOKMARK [2][]{subsection.2.2.1}{\376\377\000K\036\277\000\040\000h\000o\036\241\000c\000h\000\040\000S\000p\000r\000i\000n\000t}{section.2.2}% 16
\BOOKMARK [1][]{section.2.3}{\376\377\000Q\000u\036\243\000n\000\040\000l\000\375\000\040\000c\036\245\000u\000\040\000h\000\354\000n\000h}{chapter.2}% 17
\BOOKMARK [2][]{subsection.2.3.1}{\376\377\000Q\000u\036\243\000n\000\040\000l\000\375\000\040\000t\000\340\000i\000\040\000l\000i\036\307\000u}{section.2.3}% 18
\BOOKMARK [2][]{subsection.2.3.2}{\376\377\000Q\000u\036\243\000n\000\040\000l\000\375\000\040\000m\000\343\000\040\000n\000g\000u\036\323\000n}{section.2.3}% 19
\BOOKMARK [2][]{subsection.2.3.3}{\376\377\000C\000\364\000n\000g\000\040\000c\036\345\000\040\000v\000\340\000\040\000h\036\241\000\040\000t\036\247\000n\000g}{section.2.3}% 20
\BOOKMARK [1][]{section.2.4}{\376\377\000Q\000u\036\243\000n\000\040\000l\000\375\000\040\000r\036\347\000i\000\040\000r\000o}{chapter.2}% 21
\BOOKMARK [0][]{chapter.3}{\376\377\001\020\036\266\000C\000\040\000T\036\242\000\040\000Y\000\312\000U\000\040\000C\036\246\000U\000\040\000P\000H\036\246\000N\000\040\000M\036\300\000M}{}% 22
\BOOKMARK [1][]{section.3.1}{\376\377\000T\036\325\000n\000g\000\040\000q\000u\000a\000n\000\040\000s\036\243\000n\000\040\000p\000h\036\251\000m}{chapter.3}% 23
\BOOKMARK [2][]{subsection.3.1.1}{\376\377\000M\000\364\000\040\000t\036\243\000\040\000h\036\307\000\040\000t\000h\036\321\000n\000g}{section.3.1}% 24
\BOOKMARK [2][]{subsection.3.1.2}{\376\377\000S\001\241\000\040\001\021\036\323\000\040\000n\000g\036\357\000\040\000c\036\243\000n\000h}{section.3.1}% 25
\BOOKMARK [2][]{subsection.3.1.3}{\376\377\000Q\000u\000y\000\040\000t\000r\000\354\000n\000h\000\040\000n\000g\000h\000i\036\307\000p\000\040\000v\036\345\000\040\000c\000h\000\355\000n\000h}{section.3.1}% 26
\BOOKMARK [1][]{section.3.2}{\376\377\000P\000h\000\342\000n\000\040\000t\000\355\000c\000h\000\040\000y\000\352\000u\000\040\000c\036\247\000u}{chapter.3}% 27
\BOOKMARK [2][]{subsection.3.2.1}{\376\377\000Y\000\352\000u\000\040\000c\036\247\000u\000\040\000c\000h\036\351\000c\000\040\000n\001\003\000n\000g}{section.3.2}% 28
\BOOKMARK [2][]{subsection.3.2.2}{\376\377\000Y\000\352\000u\000\040\000c\036\247\000u\000\040\000p\000h\000i\000\040\000c\000h\036\351\000c\000\040\000n\001\003\000n\000g}{section.3.2}% 29
\BOOKMARK [1][]{section.3.3}{\376\377\000Y\000\352\000u\000\040\000c\036\247\000u\000\040\000n\000g\001\260\036\335\000i\000\040\000d\000\371\000n\000g}{chapter.3}% 30
\BOOKMARK [2][]{subsection.3.3.1}{\376\377\000C\000\341\000c\000\040\000t\000\341\000c\000\040\000n\000h\000\342\000n\000\040\040\023\000\040\000A\000c\000t\000o\000r}{section.3.3}% 31
\BOOKMARK [2][]{subsection.3.3.2}{\376\377\000U\000s\000e\000\040\000C\000a\000s\000e\000\040\000D\000i\000a\000g\000r\000a\000m\000\040\000t\036\325\000n\000g\000\040\000t\000h\036\303}{section.3.3}% 32
\BOOKMARK [2][]{subsection.3.3.3}{\376\377\000B\036\243\000n\000g\000\040\000t\000\363\000m\000\040\000t\036\257\000t\000\040\000m\000\364\000\040\000t\036\243\000\040\000U\000s\000e\000\040\000C\000a\000s\000e}{section.3.3}% 33
\BOOKMARK [2][]{subsection.3.3.4}{\376\377\000U\000s\000e\000\040\000C\000a\000s\000e\000\040\000D\000i\000a\000g\000r\000a\000m\000\040\000c\000h\000i\000\040\000t\000i\036\277\000t}{section.3.3}% 34
\BOOKMARK [1][]{section.3.4}{\376\377\000S\001\241\000\040\001\021\036\323\000\040\000S\000c\000r\000e\000e\000n\000\040\000F\000l\000o\000w\000\040\000c\036\347\000a\000\040\000c\000\341\000c\000\040\000a\000c\000t\000o\000r}{chapter.3}% 35
\BOOKMARK [2][]{subsection.3.4.1}{\376\377\000B\036\243\000n\000g\000\040\000m\000\364\000\040\000t\036\243\000\040\000c\000\341\000c\000\040\000m\000\340\000n\000\040\000h\000\354\000n\000h\000\040\000h\036\307\000\040\000t\000h\036\321\000n\000g}{section.3.4}% 36
\BOOKMARK [2][]{subsection.3.4.2}{\376\377\000M\000a\000\040\000t\000r\036\255\000n\000\040\000p\000h\000\342\000n\000\040\000q\000u\000y\036\301\000n\000\040\000m\000\340\000n\000\040\000h\000\354\000n\000h\000\040\000t\000h\000e\000o\000\040\000v\000a\000i\000\040\000t\000r\000\362}{section.3.4}% 37
\BOOKMARK [1][]{section.3.5}{\376\377\000A\000c\000t\000i\000v\000i\000t\000y\000\040\000D\000i\000a\000g\000r\000a\000m}{chapter.3}% 38
\BOOKMARK [1][]{section.3.6}{\376\377\000S\000e\000q\000u\000e\000n\000c\000e\000\040\000D\000i\000a\000g\000r\000a\000m}{chapter.3}% 39
\BOOKMARK [2][]{subsection.3.6.1}{\376\377\000K\000i\036\277\000n\000\040\000t\000r\000\372\000c\000\040\000t\000r\000i\036\303\000n\000\040\000k\000h\000a\000i}{section.3.6}% 40
\BOOKMARK [2][]{subsection.3.6.2}{\376\377\000K\000i\036\277\000n\000\040\000t\000r\000\372\000c\000\040\000h\036\307\000\040\000t\000h\036\321\000n\000g}{section.3.6}% 41
\BOOKMARK [2][]{subsection.3.6.3}{\376\377\000K\000i\036\277\000n\000\040\000t\000r\000\372\000c\000\040\000t\000r\000i\036\303\000n\000\040\000k\000h\000a\000i}{section.3.6}% 42
\BOOKMARK [1][]{section.3.7}{\376\377\000T\000h\000i\036\277\000t\000\040\000k\036\277\000\040\000c\001\241\000\040\000s\036\337\000\040\000d\036\357\000\040\000l\000i\036\307\000u}{chapter.3}% 43
\BOOKMARK [2][]{subsection.3.7.1}{\376\377\000M\036\345\000c\000\040\000t\000i\000\352\000u\000\040\000t\000h\000i\036\277\000t\000\040\000k\036\277\000\040\000d\036\357\000\040\000l\000i\036\307\000u}{section.3.7}% 44
\BOOKMARK [2][]{subsection.3.7.2}{\376\377\000N\000h\000\363\000m\000\040\000b\036\243\000n\000g\000\040\000d\036\357\000\040\000l\000i\036\307\000u}{section.3.7}% 45
\BOOKMARK [2][]{subsection.3.7.3}{\376\377\000T\000o\000\340\000n\000\040\000v\036\271\000n\000\040\000v\000\340\000\040\000v\000\362\000n\000g\000\040\001\021\036\335\000i\000\040\000d\036\357\000\040\000l\000i\036\307\000u}{section.3.7}% 46
\BOOKMARK [2][]{subsection.3.7.4}{\376\377\000T\000h\000i\036\277\000t\000\040\000k\036\277\000\040\000c\001\241\000\040\000s\036\337\000\040\000d\036\357\000\040\000l\000i\036\307\000u}{section.3.7}% 47
\BOOKMARK [2][]{subsection.3.7.5}{\376\377\000E\000R\000D\000\040\000D\000i\000a\000g\000r\000a\000m}{section.3.7}% 48
\BOOKMARK [2][]{subsection.3.7.6}{\376\377\000T\000h\000i\036\277\000t\000\040\000k\036\277\000\040\000b\036\243\000n\000g\000\040\000c\001\241\000\040\000s\036\337\000\040\000d\036\357\000\040\000l\000i\036\307\000u}{section.3.7}% 49
\BOOKMARK [1][]{section.3.8}{\376\377\000T\000h\000i\036\277\000t\000\040\000k\036\277\000\040\000A\000P\000I}{chapter.3}% 50
\BOOKMARK [2][]{subsection.3.8.1}{\376\377\000Q\000u\000y\000\040\001\260\036\333\000c\000\040\000r\000e\000q\000u\000e\000s\000t\000\040\000v\000\340\000\040\000r\000e\000s\000p\000o\000n\000s\000e}{section.3.8}% 51
\BOOKMARK [2][]{subsection.3.8.2}{\376\377\000P\000h\000\342\000n\000\040\000q\000u\000y\036\301\000n\000\040\000A\000P\000I}{section.3.8}% 52
\BOOKMARK [2][]{subsection.3.8.3}{\376\377\000D\000a\000n\000h\000\040\000s\000\341\000c\000h\000\040\000E\000n\000d\000p\000o\000i\000n\000t}{section.3.8}% 53
\BOOKMARK [2][]{subsection.3.8.4}{\376\377\001\020\036\321\000i\000\040\000c\000h\000i\036\277\000u\000\040\000A\000P\000I\000\040\000p\000h\000i\000\352\000n\000\040\000b\036\243\000n\000\040\000h\000i\036\307\000n\000\040\000t\036\241\000i}{section.3.8}% 54
\BOOKMARK [2][]{subsection.3.8.5}{\376\377\000N\000h\000\363\000m\000\040\000A\000P\000I\000\040\000X\000\341\000c\000\040\000t\000h\036\361\000c\000\040\000v\000\340\000\040\000N\000g\001\260\036\335\000i\000\040\000d\000\371\000n\000g}{section.3.8}% 55
\BOOKMARK [2][]{subsection.3.8.6}{\376\377\000N\000h\000\363\000m\000\040\000A\000P\000I\000\040\001\020\036\313\000a\000\040\000c\000h\036\311\000\040\000v\000\340\000\040\000K\000h\000\341\000c\000h\000\040\000h\000\340\000n\000g}{section.3.8}% 56
\BOOKMARK [2][]{subsection.3.8.7}{\376\377\000N\000h\000\363\000m\000\040\000A\000P\000I\000\040\000T\000r\036\241\000m\000\040\000g\000i\000a\000o\000\040\000h\000\340\000n\000g}{section.3.8}% 57
\BOOKMARK [2][]{subsection.3.8.8}{\376\377\000N\000h\000\363\000m\000\040\000A\000P\000I\000\040\001\020\001\241\000n\000\040\000h\000\340\000n\000g\000\040\000v\000\340\000\040\000K\000i\036\307\000n\000\040\000h\000\340\000n\000g}{section.3.8}% 58
\BOOKMARK [2][]{subsection.3.8.9}{\376\377\000N\000h\000\363\000m\000\040\000A\000P\000I\000\040\000T\000\355\000c\000h\000\040\000h\036\343\000p\000\040\000T\000r\000\355\000\040\000t\000u\036\307\000\040\000n\000h\000\342\000n\000\040\000t\036\241\000o}{section.3.8}% 59
\BOOKMARK [0][]{appendix.A}{\376\377\000T\000\300\000I\000\040\000L\000I\036\306\000U\000\040\000T\000H\000A\000M\000\040\000K\000H\036\242\000O\000\040}{}% 60
\BOOKMARK [0][]{appendix.B}{\376\377\000P\000H\036\344\000\040\000L\036\344\000C}{}% 61
\BOOKMARK [1][]{section.B.1}{\376\377\000L\000i\000\352\000n\000\040\000k\036\277\000t\000\040\000d\036\361\000\040\000\341\000n}{appendix.B}% 62
\BOOKMARK [1][]{section.B.2}{\376\377\000L\000i\000\352\000n\000\040\000k\036\277\000t\000\040\000s\001\241\000\040\001\021\036\323}{appendix.B}% 63
\BOOKMARK [1][]{section.B.3}{\376\377\000L\000i\000\352\000n\000\040\000k\036\277\000t\000\040\000c\001\241\000\040\000s\036\337\000\040\000d\036\357\000\040\000l\000i\036\307\000u}{appendix.B}% 64
